// Jest Snapshot v1, https://goo.gl/fbAQLP

exports[`AddStaffSkill renders correctly when data retrieval fails 1`] = `
<div>
  <div
    aria-label="Oops"
    class="component"
    role="alert"
  >
    <h1>
      Something went wrong...
    </h1>
    <p>
      Oops
    </p>
  </div>
</div>
`;

exports[`AddStaffSkill renders correctly when data successful 1`] = `
<div>
  <header
    class="content"
  >
    <h1>
      Add Staff Skill
    </h1>
  </header>
  <section>
    <form
      class="form"
    >
      <div
        class="component item"
      >
        <label
          class="label"
          for="Select-a skill-undefined"
        >
          Select a skill
          :
        </label>
        <select
          aria-label="Select a skill"
          class="select"
          name="Select a skill"
          required=""
        >
          <option
            value="1"
          >
            Skill1 - testname1
          </option>
        </select>
      </div>
      <div
        class="component item"
      >
        <label
          class="label"
          for="Select-a level-undefined"
        >
          Select a level
          :
        </label>
        <select
          aria-label="Select a level"
          class="select"
          name="Select a level"
          required=""
        >
          <option
            value="None"
          >
            None
          </option>
          <option
            value="Basic"
          >
            Basic
          </option>
          <option
            value="Intermediate"
          >
            Intermediate
          </option>
          <option
            value="High"
          >
            High
          </option>
          <option
            value="Expert"
          >
            Expert
          </option>
        </select>
      </div>
      <div
        class="component textItem"
      >
        <label
          class="label"
          for="Notes-undefined"
        >
          Notes
          :
        </label>
        <textarea
          class="input"
          id="Notes-undefined"
          maxlength="100"
          minlength="0"
          name="notes"
          pattern="[a-zA-ZÀ-ȕ-]+$"
          required=""
          rows="4"
        />
      </div>
      <div
        class="component textItem"
      >
        <label
          class="label"
          for="Expiry-date (optional)-undefined"
        >
          Expiry date (optional)
          :
        </label>
        <input
          class="input"
          id="Expiry-date (optional)-undefined"
          maxlength="100"
          minlength="0"
          name="expiryDate"
          pattern="[a-zA-ZÀ-ȕ-]+$"
          role="input"
          type="Date"
          value=""
        />
      </div>
      <button
        class="component button"
        disabled=""
      >
        Add Staff Skill
      </button>
      <button
        class="component button"
      >
        Cancel
      </button>
    </form>
  </section>
</div>
`;
