// Jest Snapshot v1, https://goo.gl/fbAQLP

exports[`AppWrapper renders correctly 1`] = `
<div>
  <header
    class="header"
  >
    <nav
      class="hamburger"
    >
      <button
        aria-label="Navigation"
        class="button"
      >
        <img
          alt="menu"
          aria-hidden="true"
          class="hamburgerIcon"
          src="hamburger.svg"
        />
      </button>
      <ul
        class="hamburgerLinks hidden"
      >
        <li
          class="listItem"
        >
          <a
            class="component"
            href="/"
          >
            Home
          </a>
        </li>
        <li
          class="listItem"
        >
          <a
            class="component"
            href="/mydetails"
          >
            My Details
          </a>
        </li>
        <li
          class="listItem"
        >
          <a
            class="component"
            href="/myskills"
          >
            My Skills
          </a>
        </li>
        <li
          class="listItem"
        >
          <a
            class="component"
            href="/viewstaff"
          >
            View Staff
          </a>
        </li>
        <li
          class="listItem"
        >
          <a
            class="component"
            href="/addstaff"
          >
            Add Staff
          </a>
        </li>
        <li
          class="listItem"
        >
          <a
            class="component"
            href="/viewskills"
          >
            View Skills
          </a>
        </li>
        <li
          class="listItem"
        >
          <a
            class="component"
            href="/addskill"
          >
            Add Skill
          </a>
        </li>
        <li
          class="listItem"
        >
          <a
            class="component"
            href="/viewcategories"
          >
            View Categories
          </a>
        </li>
        <li
          class="listItem"
        >
          <button
            class="component signoutButton"
            name="Sign Out"
            path="/login"
          >
            Sign out
          </button>
        </li>
      </ul>
    </nav>
    <div
      class="component userPill"
    >
      <span
        aria-label="You are logged in as an admin"
        class="admin"
        role="status"
      >
        ADMIN
      </span>
      <span
        aria-label="Admin@email.com is logged in"
        class="pill"
        role="status"
      >
        Admin@email.com
      </span>
    </div>
  </header>
  <nav
    class="component nav"
  >
    <img
      alt="logo"
      aria-hidden="true"
      class="logo"
      src="logo.svg"
    />
    <ul>
      <li
        class="listItem"
      >
        <a
          class="component link"
          href="/"
        >
          Home
        </a>
      </li>
      <li
        class="listItem"
      >
        <a
          class="component link"
          href="/mydetails"
        >
          My Details
        </a>
      </li>
      <li
        class="listItem"
      >
        <a
          class="component link"
          href="/myskills"
        >
          My Skills
        </a>
      </li>
      <li
        class="listItem"
      >
        <a
          class="component link"
          href="/viewstaff"
        >
          View Staff
        </a>
      </li>
      <li
        class="listItem"
      >
        <a
          class="component link"
          href="/addstaff"
        >
          Add Staff
        </a>
      </li>
      <li
        class="listItem"
      >
        <a
          class="component link"
          href="/viewskills"
        >
          View Skills
        </a>
      </li>
      <li
        class="listItem"
      >
        <a
          class="component link"
          href="/addskill"
        >
          Add Skill
        </a>
      </li>
      <li
        class="listItem"
      >
        <a
          class="component link"
          href="/viewcategories"
        >
          View Categories
        </a>
      </li>
      <li
        class="listItem"
      >
        <button
          class="component signoutButton"
          name="Sign Out"
          path="/login"
        >
          Sign out
        </button>
      </li>
    </ul>
  </nav>
  <div
    class="content"
  />
</div>
`;
